<?xml version="1.0" encoding="UTF-8"?>
<TestRun id="706d1f14-d43b-497c-ac8c-2c1ca702b00a" name="Oprimus User New@OPTIMUS-PC-NEW1 2013-10-07 10:56:15" runUser="OPTIMUS-PC-NEW1\Oprimus User New" xmlns="http://microsoft.com/schemas/VisualStudio/TeamTest/2010">
  <TestSettings name="Local" id="d33705c7-96d0-4473-9c4c-8ea313b95fc5">
    <Description>These are default test settings for a local test run.</Description>
    <Deployment userDeploymentRoot="C:\Users\Shweta Sharma\Documents\Visual Studio 2010\Projects\Assignment-33-Test-Cases\TestResults" useDefaultDeploymentRoot="false" enabled="false" runDeploymentRoot="Oprimus User New_OPTIMUS-PC-NEW1 2013-10-07 10_56_15">
      <DeploymentItem filename="C:\Users\Shweta Sharma\Documents\Visual Studio 2010\Projects\Assignment-33-Test-Cases\Assignment-33-Test-Cases\bin\Assignment-33-Test-Cases.dll" />
    </Deployment>
    <Execution>
      <TestTypeSpecific />
      <AgentRule name="Execution Agents">
      </AgentRule>
    </Execution>
  </TestSettings>
  <Times creation="2013-10-07T10:56:15.7186613+05:30" queuing="2013-10-07T10:56:16.6527148+05:30" start="2013-10-07T10:56:16.8287248+05:30" finish="2013-10-07T10:56:17.2417485+05:30" />
  <ResultSummary outcome="Failed">
    <Counters total="1" executed="1" error="0" failed="1" timeout="0" aborted="0" inconclusive="0" passedButRunAborted="0" notRunnable="0" notExecuted="0" disconnected="0" warning="0" passed="0" completed="0" inProgress="0" pending="0" />
  </ResultSummary>
  <TestDefinitions>
    <UnitTest name="GetPercentageTest" storage="c:\users\shweta sharma\documents\visual studio 2010\projects\assignment-33-test-cases\checkpercentage\bin\debug\checkpercentage.dll" id="1d85eeaf-7413-94d7-f905-ad5e55e85b76">
      <Execution id="fac0071b-649c-451d-8204-8c7e13c96244" />
      <TestMethod codeBase="C:/Users/Shweta Sharma/Documents/Visual Studio 2010/Projects/Assignment-33-Test-Cases/CheckPercentage/bin/Debug/CheckPercentage.DLL" adapterTypeName="Microsoft.VisualStudio.TestTools.TestTypes.Unit.UnitTestAdapter, Microsoft.VisualStudio.QualityTools.Tips.UnitTest.Adapter, Version=10.0.0.0, Culture=neutral, PublicKeyToken=b03f5f7f11d50a3a" className="CheckPercentage.DataTest, CheckPercentage, Version=1.0.0.0, Culture=neutral, PublicKeyToken=null" name="GetPercentageTest" />
      <AspNet webSiteUrl="http://localhost:8426/">
        <Host pathToWebApp="c:\users\shweta sharma\documents\visual studio 2010\Projects\Assignment-33-Test-Cases\Assignment-33-Test-Cases" webAppRoot="/" />
      </AspNet>
    </UnitTest>
  </TestDefinitions>
  <TestLists>
    <TestList name="Results Not in a List" id="8c84fa94-04c1-424b-9868-57a2d4851a1d" />
    <TestList name="All Loaded Results" id="19431567-8539-422a-85d7-44ee4e166bda" />
  </TestLists>
  <TestEntries>
    <TestEntry testId="1d85eeaf-7413-94d7-f905-ad5e55e85b76" executionId="fac0071b-649c-451d-8204-8c7e13c96244" testListId="8c84fa94-04c1-424b-9868-57a2d4851a1d" />
  </TestEntries>
  <Results>
    <UnitTestResult executionId="fac0071b-649c-451d-8204-8c7e13c96244" testId="1d85eeaf-7413-94d7-f905-ad5e55e85b76" testName="GetPercentageTest" computerName="OPTIMUS-PC-NEW1" startTime="2013-10-07T10:56:17.1337423+05:30" endTime="2013-10-07T10:56:17.2147469+05:30" testType="13cdc9d9-ddb5-4fa4-a97d-d965ccfc6d4b" outcome="Failed" testListId="8c84fa94-04c1-424b-9868-57a2d4851a1d" relativeResultsDirectory="fac0071b-649c-451d-8204-8c7e13c96244">
      <Output>
        <ErrorInfo>
          <Message>The ASP.NET Web application at 'c:\users\shweta sharma\documents\visual studio 2010\Projects\Assignment-33-Test-Cases\Assignment-33-Test-Cases' is already configured for testing by another test run. Only one test run at a time can run tests in ASP.NET. If there are no other test runs using this Web application, ensure that the Web.config file does not contain an httpModule named HostAdapter.</Message>
        </ErrorInfo>
      </Output>
    </UnitTestResult>
  </Results>
</TestRun>